
RAxML-NG v. 1.2.2 released on 11.04.2024 by The Exelixis Lab.
Developed by: Alexey M. Kozlov and Alexandros Stamatakis.
Contributors: Diego Darriba, Tomas Flouri, Benoit Morel, Sarah Lutteropp, Ben Bettisworth, Julia Haag, Anastasis Togkousidis.
Latest version: https://github.com/amkozlov/raxml-ng
Questions/problems/suggestions? Please visit: https://groups.google.com/forum/#!forum/raxml

System: AMD Ryzen 7 7730U with Radeon Graphics, 8 cores, 7 GB RAM

RAxML-NG was called at 09-Apr-2026 09:24:37 as follows:

raxml-ng --all --msa metazoa_alignment.5k.fasta --model GTR+G --prefix metazoa_raxml --seed 2 --threads 2 --bs-metric fbp,tbe

Analysis options:
  run mode: ML tree search + bootstrapping (Felsenstein Bootstrap + Transfer Bootstrap)
  start tree(s): random (10) + parsimony (10)
  bootstrap replicates: parsimony (max: 1000) + bootstopping (autoMRE, cutoff: 0.030000)
  random seed: 2
  tip-inner: OFF
  pattern compression: ON
  per-rate scalers: OFF
  site repeats: ON
  logLH epsilon: general: 10.000000, brlen-triplet: 1000.000000
  fast spr radius: AUTO
  spr subtree cutoff: 1.000000
  fast CLV updates: ON
  branch lengths: proportional (ML estimate, algorithm: NR-FAST)
  SIMD kernels: AVX2
  parallelization: coarse-grained (auto), PTHREADS (2 threads), thread pinning: OFF

[00:00:00] Reading alignment from file: metazoa_alignment.5k.fasta
[00:00:00] Loaded alignment with 22 taxa and 5000 sites

Alignment comprises 1 partitions and 4496 patterns

Partition 0: noname
Model: GTR+FO+G4m
Alignment sites / patterns: 5000 / 4496
Gaps: 33.05 %
Invariant sites: 11.02 %


NOTE: Binary MSA file created: metazoa_raxml.raxml.rba

Parallelization scheme autoconfig: 1 worker(s) x 2 thread(s)

[00:00:00] Generating 10 random starting tree(s) with 22 taxa
[00:00:00] Generating 10 parsimony starting tree(s) with 22 taxa
Parallel parsimony with 2 threads
Parallel reduction/worker buffer size: 1 KB  / 0 KB

[00:00:00] Data distribution: max. partitions/sites/weight per thread: 1 / 2248 / 35968
[00:00:00] Data distribution: max. searches per worker: 1020

Starting ML tree search with 20 distinct starting trees

[00:00:12] ML tree search #1, logLikelihood: -74725.984068
[00:00:20] ML tree search #2, logLikelihood: -74722.157592
[00:00:32] ML tree search #3, logLikelihood: -74721.257533
[00:00:42] ML tree search #4, logLikelihood: -74726.004013
[00:00:51] ML tree search #5, logLikelihood: -74725.880218
[00:01:02] ML tree search #6, logLikelihood: -74721.242752
[00:01:12] ML tree search #7, logLikelihood: -74721.356480
[00:01:20] ML tree search #8, logLikelihood: -74721.356806
[00:01:30] ML tree search #9, logLikelihood: -74724.127652
[00:01:40] ML tree search #10, logLikelihood: -74721.874371
[00:01:46] ML tree search #11, logLikelihood: -74721.199958
[00:01:55] ML tree search #12, logLikelihood: -74721.192025
[00:02:04] ML tree search #13, logLikelihood: -74725.831897
[00:02:13] ML tree search #14, logLikelihood: -74721.196043
[00:02:19] ML tree search #15, logLikelihood: -74721.275542
[00:02:29] ML tree search #16, logLikelihood: -74721.189418
[00:02:38] ML tree search #17, logLikelihood: -74721.207085
[00:02:46] ML tree search #18, logLikelihood: -74721.210852
[00:02:56] ML tree search #19, logLikelihood: -74721.192785
[00:03:06] ML tree search #20, logLikelihood: -74721.196738

[00:03:06] ML tree search completed, best tree logLH: -74721.189418

[00:03:06] Starting bootstrapping analysis with 1000 replicates.

[00:03:11] Bootstrap tree #1, logLikelihood: -74559.033464
[00:03:16] Bootstrap tree #2, logLikelihood: -74942.416541
[00:03:22] Bootstrap tree #3, logLikelihood: -73949.010487
[00:03:27] Bootstrap tree #4, logLikelihood: -74372.728778
[00:03:33] Bootstrap tree #5, logLikelihood: -74261.686603
[00:03:40] Bootstrap tree #6, logLikelihood: -74977.452159
[00:03:45] Bootstrap tree #7, logLikelihood: -75214.051277
[00:03:54] Bootstrap tree #8, logLikelihood: -75889.499229
[00:03:59] Bootstrap tree #9, logLikelihood: -74489.269548
[00:04:05] Bootstrap tree #10, logLikelihood: -74357.472722
[00:04:14] Bootstrap tree #11, logLikelihood: -74931.659830
[00:04:19] Bootstrap tree #12, logLikelihood: -74316.464290
[00:04:25] Bootstrap tree #13, logLikelihood: -74474.224617
[00:04:32] Bootstrap tree #14, logLikelihood: -75281.632086
[00:04:38] Bootstrap tree #15, logLikelihood: -74168.623780
[00:04:45] Bootstrap tree #16, logLikelihood: -74506.497309
[00:04:49] Bootstrap tree #17, logLikelihood: -75196.130206
[00:04:55] Bootstrap tree #18, logLikelihood: -75193.192330
[00:05:02] Bootstrap tree #19, logLikelihood: -75068.703173
[00:05:07] Bootstrap tree #20, logLikelihood: -74260.548480
[00:05:13] Bootstrap tree #21, logLikelihood: -74399.287374
[00:05:18] Bootstrap tree #22, logLikelihood: -74292.764563
[00:05:25] Bootstrap tree #23, logLikelihood: -74461.243716
[00:05:33] Bootstrap tree #24, logLikelihood: -74370.982121
[00:05:39] Bootstrap tree #25, logLikelihood: -74612.513936
[00:05:44] Bootstrap tree #26, logLikelihood: -74544.476430
[00:05:50] Bootstrap tree #27, logLikelihood: -73688.084432
[00:05:56] Bootstrap tree #28, logLikelihood: -74577.639151
[00:06:03] Bootstrap tree #29, logLikelihood: -74325.402875
[00:06:09] Bootstrap tree #30, logLikelihood: -74157.854974
[00:06:14] Bootstrap tree #31, logLikelihood: -73895.806317
[00:06:17] Bootstrap tree #32, logLikelihood: -74090.112759
[00:06:23] Bootstrap tree #33, logLikelihood: -73746.583263
[00:06:30] Bootstrap tree #34, logLikelihood: -74713.322476
[00:06:35] Bootstrap tree #35, logLikelihood: -74652.786775
[00:06:43] Bootstrap tree #36, logLikelihood: -74013.111611
[00:06:49] Bootstrap tree #37, logLikelihood: -75148.366886
[00:06:56] Bootstrap tree #38, logLikelihood: -75073.165811
[00:07:02] Bootstrap tree #39, logLikelihood: -74465.738606
[00:07:06] Bootstrap tree #40, logLikelihood: -74932.936467
[00:07:09] Bootstrap tree #41, logLikelihood: -73552.664811
[00:07:12] Bootstrap tree #42, logLikelihood: -74359.670536
[00:07:15] Bootstrap tree #43, logLikelihood: -75529.697437
[00:07:17] Bootstrap tree #44, logLikelihood: -74462.888010
[00:07:20] Bootstrap tree #45, logLikelihood: -74285.359365
[00:07:23] Bootstrap tree #46, logLikelihood: -74175.364584
[00:07:25] Bootstrap tree #47, logLikelihood: -74612.602255
[00:07:29] Bootstrap tree #48, logLikelihood: -74646.360591
[00:07:32] Bootstrap tree #49, logLikelihood: -74506.724215
[00:07:35] Bootstrap tree #50, logLikelihood: -74470.635857
[00:07:39] Bootstrap tree #51, logLikelihood: -74259.393929
[00:07:41] Bootstrap tree #52, logLikelihood: -73635.122626
[00:07:45] Bootstrap tree #53, logLikelihood: -73933.797929
[00:07:46] Bootstrap tree #54, logLikelihood: -74820.272720
[00:07:49] Bootstrap tree #55, logLikelihood: -74837.161710
[00:07:52] Bootstrap tree #56, logLikelihood: -74959.174250
[00:07:56] Bootstrap tree #57, logLikelihood: -74107.417289
[00:07:59] Bootstrap tree #58, logLikelihood: -74886.527546
[00:08:01] Bootstrap tree #59, logLikelihood: -74766.601142
[00:08:05] Bootstrap tree #60, logLikelihood: -74483.947533
[00:08:08] Bootstrap tree #61, logLikelihood: -74657.253688
[00:08:10] Bootstrap tree #62, logLikelihood: -74510.169079
[00:08:13] Bootstrap tree #63, logLikelihood: -75175.486971
[00:08:14] Bootstrap tree #64, logLikelihood: -73510.363733
[00:08:17] Bootstrap tree #65, logLikelihood: -73381.009305
[00:08:20] Bootstrap tree #66, logLikelihood: -75658.092675
[00:08:22] Bootstrap tree #67, logLikelihood: -75507.217300
[00:08:25] Bootstrap tree #68, logLikelihood: -74419.165390
[00:08:28] Bootstrap tree #69, logLikelihood: -74074.991683
[00:08:31] Bootstrap tree #70, logLikelihood: -73978.488778
[00:08:34] Bootstrap tree #71, logLikelihood: -74295.014557
[00:08:38] Bootstrap tree #72, logLikelihood: -74845.448013
[00:08:41] Bootstrap tree #73, logLikelihood: -73889.624086
[00:08:43] Bootstrap tree #74, logLikelihood: -74555.461651
[00:08:46] Bootstrap tree #75, logLikelihood: -74700.304033
[00:08:48] Bootstrap tree #76, logLikelihood: -74170.252278
[00:08:51] Bootstrap tree #77, logLikelihood: -74432.158463
[00:08:53] Bootstrap tree #78, logLikelihood: -75115.112893
[00:08:55] Bootstrap tree #79, logLikelihood: -74059.160149
[00:08:58] Bootstrap tree #80, logLikelihood: -74987.105416
[00:09:00] Bootstrap tree #81, logLikelihood: -73995.748124
[00:08:59] Bootstrap tree #82, logLikelihood: -73508.067653
[00:09:03] Bootstrap tree #83, logLikelihood: -75040.738560
[00:09:06] Bootstrap tree #84, logLikelihood: -75780.373552
[00:09:08] Bootstrap tree #85, logLikelihood: -74698.756091
[00:09:11] Bootstrap tree #86, logLikelihood: -74721.379910
[00:09:13] Bootstrap tree #87, logLikelihood: -74163.818233
[00:09:15] Bootstrap tree #88, logLikelihood: -75209.602177
[00:09:17] Bootstrap tree #89, logLikelihood: -74607.500273
[00:09:19] Bootstrap tree #90, logLikelihood: -74495.771428
[00:09:22] Bootstrap tree #91, logLikelihood: -74474.689570
[00:09:24] Bootstrap tree #92, logLikelihood: -74585.503266
[00:09:26] Bootstrap tree #93, logLikelihood: -74976.758927
[00:09:29] Bootstrap tree #94, logLikelihood: -75124.613578
[00:09:30] Bootstrap tree #95, logLikelihood: -74467.456534
[00:09:32] Bootstrap tree #96, logLikelihood: -74502.780905
[00:09:34] Bootstrap tree #97, logLikelihood: -76321.423113
[00:09:37] Bootstrap tree #98, logLikelihood: -73819.148805
[00:09:39] Bootstrap tree #99, logLikelihood: -75219.330060
[00:09:42] Bootstrap tree #100, logLikelihood: -74981.840307
[00:09:45] Bootstrap tree #101, logLikelihood: -75548.434942
[00:09:48] Bootstrap tree #102, logLikelihood: -74405.022428
[00:09:51] Bootstrap tree #103, logLikelihood: -75151.840662
[00:09:54] Bootstrap tree #104, logLikelihood: -74541.035675
[00:09:57] Bootstrap tree #105, logLikelihood: -75133.175607
[00:09:59] Bootstrap tree #106, logLikelihood: -73849.279307
[00:10:00] Bootstrap tree #107, logLikelihood: -74692.834676
[00:10:03] Bootstrap tree #108, logLikelihood: -74911.267648
[00:10:05] Bootstrap tree #109, logLikelihood: -74092.571392
[00:10:08] Bootstrap tree #110, logLikelihood: -74355.964841
[00:10:11] Bootstrap tree #111, logLikelihood: -74416.166910
[00:10:13] Bootstrap tree #112, logLikelihood: -74842.436108
[00:10:16] Bootstrap tree #113, logLikelihood: -74655.575960
[00:10:19] Bootstrap tree #114, logLikelihood: -74387.690550
[00:10:22] Bootstrap tree #115, logLikelihood: -74750.856320
[00:10:25] Bootstrap tree #116, logLikelihood: -73915.872172
[00:10:27] Bootstrap tree #117, logLikelihood: -74533.861881
[00:10:30] Bootstrap tree #118, logLikelihood: -74067.534180
[00:10:30] Bootstrap tree #119, logLikelihood: -75453.048645
[00:10:33] Bootstrap tree #120, logLikelihood: -74659.344154
[00:10:36] Bootstrap tree #121, logLikelihood: -74504.293955
[00:10:38] Bootstrap tree #122, logLikelihood: -74712.347636
[00:10:41] Bootstrap tree #123, logLikelihood: -74318.321065
[00:10:43] Bootstrap tree #124, logLikelihood: -75337.485784
[00:10:45] Bootstrap tree #125, logLikelihood: -74759.027208
[00:10:48] Bootstrap tree #126, logLikelihood: -75120.018370
[00:10:51] Bootstrap tree #127, logLikelihood: -75349.972754
[00:10:53] Bootstrap tree #128, logLikelihood: -75070.155134
[00:10:56] Bootstrap tree #129, logLikelihood: -74705.181547
[00:10:59] Bootstrap tree #130, logLikelihood: -74557.685051
[00:10:59] Bootstrap tree #131, logLikelihood: -75435.169259
[00:11:02] Bootstrap tree #132, logLikelihood: -75822.733849
[00:11:06] Bootstrap tree #133, logLikelihood: -74595.124316
[00:11:09] Bootstrap tree #134, logLikelihood: -74455.980965
[00:11:11] Bootstrap tree #135, logLikelihood: -74851.894473
[00:11:14] Bootstrap tree #136, logLikelihood: -74407.922938
[00:11:17] Bootstrap tree #137, logLikelihood: -73964.657060
[00:11:21] Bootstrap tree #138, logLikelihood: -75483.150126
[00:11:24] Bootstrap tree #139, logLikelihood: -74365.882551
[00:11:27] Bootstrap tree #140, logLikelihood: -74179.435250
[00:11:29] Bootstrap tree #141, logLikelihood: -75816.227982
[00:11:29] Bootstrap tree #142, logLikelihood: -74948.318399
[00:11:32] Bootstrap tree #143, logLikelihood: -75234.108665
[00:11:35] Bootstrap tree #144, logLikelihood: -74263.742749
[00:11:37] Bootstrap tree #145, logLikelihood: -73907.474549
[00:11:39] Bootstrap tree #146, logLikelihood: -74348.291826
[00:11:42] Bootstrap tree #147, logLikelihood: -74360.983984
[00:11:44] Bootstrap tree #148, logLikelihood: -74530.352973
[00:11:47] Bootstrap tree #149, logLikelihood: -74665.223349
[00:11:50] Bootstrap tree #150, logLikelihood: -74562.562691
[00:11:52] Bootstrap tree #151, logLikelihood: -75279.834378
[00:11:55] Bootstrap tree #152, logLikelihood: -73717.833058
[00:11:58] Bootstrap tree #153, logLikelihood: -74778.490241
[00:12:00] Bootstrap tree #154, logLikelihood: -75239.869538
[00:12:01] Bootstrap tree #155, logLikelihood: -74522.585548
[00:12:04] Bootstrap tree #156, logLikelihood: -75388.761875
[00:12:06] Bootstrap tree #157, logLikelihood: -74750.003315
[00:12:09] Bootstrap tree #158, logLikelihood: -75044.326742
[00:12:12] Bootstrap tree #159, logLikelihood: -74708.331744
[00:12:14] Bootstrap tree #160, logLikelihood: -74982.672832
[00:12:17] Bootstrap tree #161, logLikelihood: -74683.430455
[00:12:19] Bootstrap tree #162, logLikelihood: -75196.195860
[00:12:22] Bootstrap tree #163, logLikelihood: -74859.349965
[00:12:24] Bootstrap tree #164, logLikelihood: -73448.919499
[00:12:26] Bootstrap tree #165, logLikelihood: -75049.489390
[00:12:29] Bootstrap tree #166, logLikelihood: -74477.648894
[00:12:29] Bootstrap tree #167, logLikelihood: -74314.557099
[00:12:32] Bootstrap tree #168, logLikelihood: -74229.343968
[00:12:34] Bootstrap tree #169, logLikelihood: -75319.045719
[00:12:37] Bootstrap tree #170, logLikelihood: -74477.311153
[00:12:40] Bootstrap tree #171, logLikelihood: -74020.288922
[00:12:43] Bootstrap tree #172, logLikelihood: -75335.556396
[00:12:45] Bootstrap tree #173, logLikelihood: -75026.370053
[00:12:48] Bootstrap tree #174, logLikelihood: -74882.622446
[00:12:50] Bootstrap tree #175, logLikelihood: -75949.784120
[00:12:53] Bootstrap tree #176, logLikelihood: -75082.942550
[00:12:55] Bootstrap tree #177, logLikelihood: -74921.520411
[00:12:58] Bootstrap tree #178, logLikelihood: -73890.761078
[00:13:01] Bootstrap tree #179, logLikelihood: -74288.423169
[00:13:01] Bootstrap tree #180, logLikelihood: -74598.682307
[00:13:03] Bootstrap tree #181, logLikelihood: -75049.779531
[00:13:05] Bootstrap tree #182, logLikelihood: -75099.605338
[00:13:08] Bootstrap tree #183, logLikelihood: -75103.112323
[00:13:11] Bootstrap tree #184, logLikelihood: -75257.475436
[00:13:13] Bootstrap tree #185, logLikelihood: -74798.362652
[00:13:16] Bootstrap tree #186, logLikelihood: -74283.425714
[00:13:19] Bootstrap tree #187, logLikelihood: -74370.072773
[00:13:22] Bootstrap tree #188, logLikelihood: -74472.339528
[00:13:26] Bootstrap tree #189, logLikelihood: -75349.282371
[00:13:28] Bootstrap tree #190, logLikelihood: -74324.583367
[00:13:30] Bootstrap tree #191, logLikelihood: -74197.064117
[00:13:33] Bootstrap tree #192, logLikelihood: -73907.317790
[00:13:35] Bootstrap tree #193, logLikelihood: -74415.155294
[00:13:38] Bootstrap tree #194, logLikelihood: -74810.355034
[00:13:41] Bootstrap tree #195, logLikelihood: -74436.191790
[00:13:44] Bootstrap tree #196, logLikelihood: -74948.148737
[00:13:44] Bootstrap tree #197, logLikelihood: -73597.740749
[00:13:46] Bootstrap tree #198, logLikelihood: -74431.532237
[00:13:48] Bootstrap tree #199, logLikelihood: -74604.140946
[00:13:51] Bootstrap tree #200, logLikelihood: -74488.578330
[00:13:53] Bootstrap tree #201, logLikelihood: -74733.543526
[00:13:56] Bootstrap tree #202, logLikelihood: -74277.784396
[00:13:58] Bootstrap tree #203, logLikelihood: -74365.217538
[00:14:01] Bootstrap tree #204, logLikelihood: -74138.029879
[00:14:04] Bootstrap tree #205, logLikelihood: -75284.972696
[00:14:07] Bootstrap tree #206, logLikelihood: -74955.238623
[00:14:10] Bootstrap tree #207, logLikelihood: -74763.688812
[00:14:12] Bootstrap tree #208, logLikelihood: -74929.748847
[00:14:15] Bootstrap tree #209, logLikelihood: -74965.160943
[00:14:15] Bootstrap tree #210, logLikelihood: -75490.519279
[00:14:18] Bootstrap tree #211, logLikelihood: -74763.325547
[00:14:21] Bootstrap tree #212, logLikelihood: -74988.991757
[00:14:23] Bootstrap tree #213, logLikelihood: -75437.559863
[00:14:26] Bootstrap tree #214, logLikelihood: -74552.846534
[00:14:29] Bootstrap tree #215, logLikelihood: -74452.656458
[00:14:31] Bootstrap tree #216, logLikelihood: -74848.846106
[00:14:33] Bootstrap tree #217, logLikelihood: -74594.458932
[00:14:36] Bootstrap tree #218, logLikelihood: -74993.958730
[00:14:38] Bootstrap tree #219, logLikelihood: -75286.060249
[00:14:40] Bootstrap tree #220, logLikelihood: -75134.652326
[00:14:43] Bootstrap tree #221, logLikelihood: -74075.264562
[00:14:43] Bootstrap tree #222, logLikelihood: -75568.822771
[00:14:46] Bootstrap tree #223, logLikelihood: -73781.589548
[00:14:48] Bootstrap tree #224, logLikelihood: -74399.687725
[00:14:50] Bootstrap tree #225, logLikelihood: -75804.456238
[00:14:53] Bootstrap tree #226, logLikelihood: -74628.185447
[00:14:55] Bootstrap tree #227, logLikelihood: -74320.093498
[00:14:58] Bootstrap tree #228, logLikelihood: -74896.670295
[00:15:01] Bootstrap tree #229, logLikelihood: -74568.555954
[00:15:04] Bootstrap tree #230, logLikelihood: -74718.588862
[00:15:06] Bootstrap tree #231, logLikelihood: -74458.860529
[00:15:09] Bootstrap tree #232, logLikelihood: -75614.016208
[00:15:11] Bootstrap tree #233, logLikelihood: -74481.712726
[00:15:13] Bootstrap tree #234, logLikelihood: -75162.077254
[00:15:14] Bootstrap tree #235, logLikelihood: -75444.933446
[00:15:16] Bootstrap tree #236, logLikelihood: -74494.639898
[00:15:19] Bootstrap tree #237, logLikelihood: -74820.813553
[00:15:22] Bootstrap tree #238, logLikelihood: -74336.338518
[00:15:25] Bootstrap tree #239, logLikelihood: -74027.800387
[00:15:28] Bootstrap tree #240, logLikelihood: -74749.928352
[00:15:31] Bootstrap tree #241, logLikelihood: -74380.414759
[00:15:33] Bootstrap tree #242, logLikelihood: -74822.632043
[00:15:36] Bootstrap tree #243, logLikelihood: -75130.647806
[00:15:38] Bootstrap tree #244, logLikelihood: -74633.098003
[00:15:41] Bootstrap tree #245, logLikelihood: -73976.126386
[00:15:43] Bootstrap tree #246, logLikelihood: -74575.879284
[00:15:44] Bootstrap tree #247, logLikelihood: -73244.828397
[00:15:47] Bootstrap tree #248, logLikelihood: -74849.972393
[00:15:50] Bootstrap tree #249, logLikelihood: -75185.677931
[00:15:52] Bootstrap tree #250, logLikelihood: -73837.941691
[00:15:55] Bootstrap tree #251, logLikelihood: -74784.130585
[00:15:57] Bootstrap tree #252, logLikelihood: -74126.289733
[00:16:01] Bootstrap tree #253, logLikelihood: -75276.288296
[00:16:04] Bootstrap tree #254, logLikelihood: -74252.052952
[00:16:06] Bootstrap tree #255, logLikelihood: -74354.353638
[00:16:10] Bootstrap tree #256, logLikelihood: -74646.848802
[00:16:13] Bootstrap tree #257, logLikelihood: -74707.384807
[00:16:15] Bootstrap tree #258, logLikelihood: -74682.207345
[00:16:16] Bootstrap tree #259, logLikelihood: -75279.864502
[00:16:18] Bootstrap tree #260, logLikelihood: -75502.086135
[00:16:21] Bootstrap tree #261, logLikelihood: -74072.097219
[00:16:24] Bootstrap tree #262, logLikelihood: -74619.774496
[00:16:28] Bootstrap tree #263, logLikelihood: -74585.407639
[00:16:30] Bootstrap tree #264, logLikelihood: -74294.059000
[00:16:34] Bootstrap tree #265, logLikelihood: -74322.791386
[00:16:36] Bootstrap tree #266, logLikelihood: -74831.913731
[00:16:40] Bootstrap tree #267, logLikelihood: -74838.983635
[00:16:43] Bootstrap tree #268, logLikelihood: -75747.243124
[00:16:45] Bootstrap tree #269, logLikelihood: -73467.368661
[00:16:46] Bootstrap tree #270, logLikelihood: -74588.325559
[00:16:49] Bootstrap tree #271, logLikelihood: -74832.619308
[00:16:52] Bootstrap tree #272, logLikelihood: -75087.691477
[00:16:55] Bootstrap tree #273, logLikelihood: -74656.300612
[00:16:59] Bootstrap tree #274, logLikelihood: -74940.143181
[00:17:02] Bootstrap tree #275, logLikelihood: -74341.102873
[00:17:05] Bootstrap tree #276, logLikelihood: -75086.419236
[00:17:09] Bootstrap tree #277, logLikelihood: -75051.871068
[00:17:12] Bootstrap tree #278, logLikelihood: -74681.721198
[00:17:15] Bootstrap tree #279, logLikelihood: -74600.648330
[00:17:16] Bootstrap tree #280, logLikelihood: -75249.820758
[00:17:18] Bootstrap tree #281, logLikelihood: -74412.301290
[00:17:21] Bootstrap tree #282, logLikelihood: -74620.994047
[00:17:25] Bootstrap tree #283, logLikelihood: -75019.485543
[00:17:28] Bootstrap tree #284, logLikelihood: -74379.421364
[00:17:31] Bootstrap tree #285, logLikelihood: -74237.851145
[00:17:35] Bootstrap tree #286, logLikelihood: -75303.158533
[00:17:38] Bootstrap tree #287, logLikelihood: -75050.247737
[00:17:41] Bootstrap tree #288, logLikelihood: -74828.362203
[00:17:43] Bootstrap tree #289, logLikelihood: -74710.075501
[00:17:44] Bootstrap tree #290, logLikelihood: -75321.828400
[00:17:48] Bootstrap tree #291, logLikelihood: -73937.584131
[00:17:53] Bootstrap tree #292, logLikelihood: -74697.891543
[00:17:56] Bootstrap tree #293, logLikelihood: -73591.978401
[00:17:59] Bootstrap tree #294, logLikelihood: -74871.905921
[00:18:01] Bootstrap tree #295, logLikelihood: -75239.961430
[00:18:04] Bootstrap tree #296, logLikelihood: -74803.645676
[00:18:06] Bootstrap tree #297, logLikelihood: -75324.284452
[00:18:10] Bootstrap tree #298, logLikelihood: -73964.896832
[00:18:12] Bootstrap tree #299, logLikelihood: -74480.525707
[00:18:15] Bootstrap tree #300, logLikelihood: -74669.647279
[00:18:15] Bootstrap tree #301, logLikelihood: -74622.202197
[00:18:19] Bootstrap tree #302, logLikelihood: -75540.510186
[00:18:22] Bootstrap tree #303, logLikelihood: -75070.492788
[00:18:24] Bootstrap tree #304, logLikelihood: -74395.868436
[00:18:27] Bootstrap tree #305, logLikelihood: -74129.656994
[00:18:30] Bootstrap tree #306, logLikelihood: -73720.477698
[00:18:32] Bootstrap tree #307, logLikelihood: -74689.747064
[00:18:35] Bootstrap tree #308, logLikelihood: -74733.775810
[00:18:37] Bootstrap tree #309, logLikelihood: -74866.866062
[00:18:40] Bootstrap tree #310, logLikelihood: -74994.529148
[00:18:42] Bootstrap tree #311, logLikelihood: -74647.720100
[00:18:45] Bootstrap tree #312, logLikelihood: -75496.366253
[00:18:45] Bootstrap tree #313, logLikelihood: -74287.232416
[00:18:48] Bootstrap tree #314, logLikelihood: -74864.854305
[00:18:50] Bootstrap tree #315, logLikelihood: -74631.926670
[00:18:53] Bootstrap tree #316, logLikelihood: -74805.684156
[00:18:56] Bootstrap tree #317, logLikelihood: -75377.014265
[00:18:59] Bootstrap tree #318, logLikelihood: -75569.980333
[00:19:01] Bootstrap tree #319, logLikelihood: -75165.147527
[00:19:04] Bootstrap tree #320, logLikelihood: -75395.018021
[00:19:06] Bootstrap tree #321, logLikelihood: -74301.005155
[00:19:09] Bootstrap tree #322, logLikelihood: -73958.650724
[00:19:11] Bootstrap tree #323, logLikelihood: -73956.992416
[00:19:14] Bootstrap tree #324, logLikelihood: -74482.177526
[00:19:15] Bootstrap tree #325, logLikelihood: -74297.664573
[00:19:18] Bootstrap tree #326, logLikelihood: -74918.424524
[00:19:20] Bootstrap tree #327, logLikelihood: -74336.888692
[00:19:23] Bootstrap tree #328, logLikelihood: -75422.417743
[00:19:25] Bootstrap tree #329, logLikelihood: -74484.557070
[00:19:28] Bootstrap tree #330, logLikelihood: -74054.340064
[00:19:32] Bootstrap tree #331, logLikelihood: -75161.018700
[00:19:34] Bootstrap tree #332, logLikelihood: -74200.463731
[00:19:38] Bootstrap tree #333, logLikelihood: -74706.755713
[00:19:41] Bootstrap tree #334, logLikelihood: -73639.049901
[00:19:44] Bootstrap tree #335, logLikelihood: -74727.811532
[00:19:45] Bootstrap tree #336, logLikelihood: -74303.721490
[00:19:48] Bootstrap tree #337, logLikelihood: -75014.834885
[00:19:51] Bootstrap tree #338, logLikelihood: -74845.870240
[00:19:53] Bootstrap tree #339, logLikelihood: -74206.935078
[00:19:56] Bootstrap tree #340, logLikelihood: -74614.895222
[00:19:58] Bootstrap tree #341, logLikelihood: -73715.496978
[00:20:01] Bootstrap tree #342, logLikelihood: -75306.197781
[00:20:04] Bootstrap tree #343, logLikelihood: -75734.473885
[00:20:07] Bootstrap tree #344, logLikelihood: -73312.445519
[00:20:11] Bootstrap tree #345, logLikelihood: -75197.048408
[00:20:14] Bootstrap tree #346, logLikelihood: -74557.504892
[00:20:15] Bootstrap tree #347, logLikelihood: -73758.009505
[00:20:17] Bootstrap tree #348, logLikelihood: -75680.875060
[00:20:20] Bootstrap tree #349, logLikelihood: -74584.800088
[00:20:23] Bootstrap tree #350, logLikelihood: -74883.837225
[00:20:26] Bootstrap tree #351, logLikelihood: -74333.659553
[00:20:28] Bootstrap tree #352, logLikelihood: -74191.687994
[00:20:31] Bootstrap tree #353, logLikelihood: -74980.847125
[00:20:34] Bootstrap tree #354, logLikelihood: -74805.545833
[00:20:37] Bootstrap tree #355, logLikelihood: -73866.369392
[00:20:39] Bootstrap tree #356, logLikelihood: -75098.022130
[00:20:42] Bootstrap tree #357, logLikelihood: -74819.979272
[00:20:45] Bootstrap tree #358, logLikelihood: -74445.733650
[00:20:45] Bootstrap tree #359, logLikelihood: -74115.597828
[00:20:48] Bootstrap tree #360, logLikelihood: -74676.920790
[00:20:51] Bootstrap tree #361, logLikelihood: -74686.907086
[00:20:54] Bootstrap tree #362, logLikelihood: -74272.140549
[00:20:56] Bootstrap tree #363, logLikelihood: -73926.431829
[00:20:58] Bootstrap tree #364, logLikelihood: -75070.353277
[00:21:01] Bootstrap tree #365, logLikelihood: -75261.060305
[00:21:04] Bootstrap tree #366, logLikelihood: -75351.802331
[00:21:06] Bootstrap tree #367, logLikelihood: -74661.272341
[00:21:10] Bootstrap tree #368, logLikelihood: -74218.816607
[00:21:13] Bootstrap tree #369, logLikelihood: -73377.956080
[00:21:15] Bootstrap tree #370, logLikelihood: -74866.957360
[00:21:16] Bootstrap tree #371, logLikelihood: -75501.347297
[00:21:18] Bootstrap tree #372, logLikelihood: -74976.149909
[00:21:21] Bootstrap tree #373, logLikelihood: -74346.029823
[00:21:24] Bootstrap tree #374, logLikelihood: -74616.990992
[00:21:26] Bootstrap tree #375, logLikelihood: -74488.858159
[00:21:29] Bootstrap tree #376, logLikelihood: -76217.681632
[00:21:32] Bootstrap tree #377, logLikelihood: -74651.194944
[00:21:35] Bootstrap tree #378, logLikelihood: -74858.158314
[00:21:37] Bootstrap tree #379, logLikelihood: -74703.374272
[00:21:40] Bootstrap tree #380, logLikelihood: -74540.642052
[00:21:43] Bootstrap tree #381, logLikelihood: -73509.332709
[00:21:46] Bootstrap tree #382, logLikelihood: -74999.365799
[00:21:47] Bootstrap tree #383, logLikelihood: -74851.611142
[00:21:50] Bootstrap tree #384, logLikelihood: -75162.086340
[00:21:54] Bootstrap tree #385, logLikelihood: -75325.911658
[00:21:58] Bootstrap tree #386, logLikelihood: -73867.760091
[00:22:01] Bootstrap tree #387, logLikelihood: -74183.197367
[00:22:04] Bootstrap tree #388, logLikelihood: -74952.806085
[00:22:07] Bootstrap tree #389, logLikelihood: -75653.983415
[00:22:10] Bootstrap tree #390, logLikelihood: -74285.413930
[00:22:14] Bootstrap tree #391, logLikelihood: -73779.361225
[00:22:17] Bootstrap tree #392, logLikelihood: -74814.897338
[00:22:18] Bootstrap tree #393, logLikelihood: -74699.092979
[00:22:20] Bootstrap tree #394, logLikelihood: -74255.860792
[00:22:23] Bootstrap tree #395, logLikelihood: -75621.430398
[00:22:25] Bootstrap tree #396, logLikelihood: -73325.465558
[00:22:29] Bootstrap tree #397, logLikelihood: -73885.122873
[00:22:33] Bootstrap tree #398, logLikelihood: -74177.605890
[00:22:37] Bootstrap tree #399, logLikelihood: -75694.899852
[00:22:40] Bootstrap tree #400, logLikelihood: -74580.844448
[00:22:44] Bootstrap tree #401, logLikelihood: -74356.284716
[00:22:47] Bootstrap tree #402, logLikelihood: -75567.116733
[00:22:47] Bootstrap tree #403, logLikelihood: -75094.031956
[00:22:51] Bootstrap tree #404, logLikelihood: -74507.970747
[00:22:54] Bootstrap tree #405, logLikelihood: -73804.587257
[00:22:57] Bootstrap tree #406, logLikelihood: -75368.835529
[00:23:00] Bootstrap tree #407, logLikelihood: -75255.082900
[00:23:03] Bootstrap tree #408, logLikelihood: -75255.768355
[00:23:07] Bootstrap tree #409, logLikelihood: -74256.419839
[00:23:10] Bootstrap tree #410, logLikelihood: -74983.509130
[00:23:13] Bootstrap tree #411, logLikelihood: -74433.248924
[00:23:16] Bootstrap tree #412, logLikelihood: -74739.719892
[00:23:19] Bootstrap tree #413, logLikelihood: -74674.194508
[00:23:22] Bootstrap tree #414, logLikelihood: -75352.869088
[00:23:24] Bootstrap tree #415, logLikelihood: -75808.200694
[00:23:28] Bootstrap tree #416, logLikelihood: -74514.324545
[00:23:31] Bootstrap tree #417, logLikelihood: -74680.784256
[00:23:30] Bootstrap tree #418, logLikelihood: -74744.503675
[00:23:33] Bootstrap tree #419, logLikelihood: -74927.712320
[00:23:36] Bootstrap tree #420, logLikelihood: -74348.084034
[00:23:38] Bootstrap tree #421, logLikelihood: -74260.988237
[00:23:41] Bootstrap tree #422, logLikelihood: -74893.227320
[00:23:44] Bootstrap tree #423, logLikelihood: -74837.424193
[00:23:47] Bootstrap tree #424, logLikelihood: -74963.588041
[00:23:50] Bootstrap tree #425, logLikelihood: -73895.727716
[00:23:53] Bootstrap tree #426, logLikelihood: -75241.628850
[00:23:56] Bootstrap tree #427, logLikelihood: -74784.274150
[00:23:59] Bootstrap tree #428, logLikelihood: -74406.744391
[00:24:00] Bootstrap tree #429, logLikelihood: -75492.157928
[00:24:02] Bootstrap tree #430, logLikelihood: -74634.984784
[00:24:06] Bootstrap tree #431, logLikelihood: -75194.522620
[00:24:09] Bootstrap tree #432, logLikelihood: -74471.394890
[00:24:12] Bootstrap tree #433, logLikelihood: -75337.838327
[00:24:16] Bootstrap tree #434, logLikelihood: -74715.418652
[00:24:18] Bootstrap tree #435, logLikelihood: -74654.702707
[00:24:21] Bootstrap tree #436, logLikelihood: -73919.631397
[00:24:24] Bootstrap tree #437, logLikelihood: -74518.191512
[00:24:27] Bootstrap tree #438, logLikelihood: -74829.955185
[00:24:30] Bootstrap tree #439, logLikelihood: -74425.940724
[00:24:31] Bootstrap tree #440, logLikelihood: -74662.858785
[00:24:33] Bootstrap tree #441, logLikelihood: -75055.415404
[00:24:36] Bootstrap tree #442, logLikelihood: -75017.044072
[00:24:39] Bootstrap tree #443, logLikelihood: -74680.265358
[00:24:42] Bootstrap tree #444, logLikelihood: -75356.664084
[00:24:44] Bootstrap tree #445, logLikelihood: -74009.689529
[00:24:48] Bootstrap tree #446, logLikelihood: -73679.322469
[00:24:51] Bootstrap tree #447, logLikelihood: -75458.604592
[00:24:54] Bootstrap tree #448, logLikelihood: -74593.003617
[00:24:57] Bootstrap tree #449, logLikelihood: -74861.377375
[00:25:00] Bootstrap tree #450, logLikelihood: -74913.484631
[00:25:01] Bootstrap tree #451, logLikelihood: -73832.864548
[00:25:03] Bootstrap tree #452, logLikelihood: -74698.534717
[00:25:06] Bootstrap tree #453, logLikelihood: -74621.189472
[00:25:09] Bootstrap tree #454, logLikelihood: -74080.668143
[00:25:12] Bootstrap tree #455, logLikelihood: -75034.341153
[00:25:15] Bootstrap tree #456, logLikelihood: -74583.288719
[00:25:17] Bootstrap tree #457, logLikelihood: -74776.247525
[00:25:20] Bootstrap tree #458, logLikelihood: -74080.417117
[00:25:23] Bootstrap tree #459, logLikelihood: -75394.494157
[00:25:25] Bootstrap tree #460, logLikelihood: -74974.270081
[00:25:28] Bootstrap tree #461, logLikelihood: -73908.403018
[00:25:31] Bootstrap tree #462, logLikelihood: -74730.841933
[00:25:31] Bootstrap tree #463, logLikelihood: -74872.241034
[00:25:34] Bootstrap tree #464, logLikelihood: -74417.020376
[00:25:38] Bootstrap tree #465, logLikelihood: -75319.130929
[00:25:43] Bootstrap tree #466, logLikelihood: -75174.205319
[00:25:46] Bootstrap tree #467, logLikelihood: -74823.583909
[00:25:50] Bootstrap tree #468, logLikelihood: -74162.601209
[00:25:53] Bootstrap tree #469, logLikelihood: -75426.872868
[00:25:56] Bootstrap tree #470, logLikelihood: -75299.571781
[00:25:59] Bootstrap tree #471, logLikelihood: -74175.212654
[00:26:01] Bootstrap tree #472, logLikelihood: -73709.635513
[00:26:02] Bootstrap tree #473, logLikelihood: -73717.818495
[00:26:05] Bootstrap tree #474, logLikelihood: -74435.377884
[00:26:08] Bootstrap tree #475, logLikelihood: -74711.951788
[00:26:12] Bootstrap tree #476, logLikelihood: -74536.651444
[00:26:15] Bootstrap tree #477, logLikelihood: -74335.879628
[00:26:18] Bootstrap tree #478, logLikelihood: -74093.868238
[00:26:21] Bootstrap tree #479, logLikelihood: -74301.950949
[00:26:25] Bootstrap tree #480, logLikelihood: -74493.088229
[00:26:29] Bootstrap tree #481, logLikelihood: -74842.220391
[00:26:32] Bootstrap tree #482, logLikelihood: -73275.031440
[00:26:36] Bootstrap tree #483, logLikelihood: -75199.248208
[00:26:39] Bootstrap tree #484, logLikelihood: -75261.342144
[00:26:42] Bootstrap tree #485, logLikelihood: -74900.253449
[00:26:46] Bootstrap tree #486, logLikelihood: -74294.509521
[00:26:45] Bootstrap tree #487, logLikelihood: -75091.790867
[00:26:48] Bootstrap tree #488, logLikelihood: -74768.297423
[00:26:52] Bootstrap tree #489, logLikelihood: -74699.375839
[00:26:55] Bootstrap tree #490, logLikelihood: -74477.527822
[00:26:58] Bootstrap tree #491, logLikelihood: -73802.738546
[00:27:01] Bootstrap tree #492, logLikelihood: -74557.636871
[00:27:05] Bootstrap tree #493, logLikelihood: -74957.186891
[00:27:08] Bootstrap tree #494, logLikelihood: -74852.657426
[00:27:11] Bootstrap tree #495, logLikelihood: -76191.088213
[00:27:14] Bootstrap tree #496, logLikelihood: -75118.286874
[00:27:16] Bootstrap tree #497, logLikelihood: -74131.011092
[00:27:20] Bootstrap tree #498, logLikelihood: -74148.133646
[00:27:22] Bootstrap tree #499, logLikelihood: -74250.968210
[00:27:25] Bootstrap tree #500, logLikelihood: -75257.312874
[00:27:28] Bootstrap tree #501, logLikelihood: -75937.560281
[00:27:31] Bootstrap tree #502, logLikelihood: -74568.206764
[00:27:34] Bootstrap tree #503, logLikelihood: -74055.587348
[00:27:37] Bootstrap tree #504, logLikelihood: -74253.311501
[00:27:40] Bootstrap tree #505, logLikelihood: -74246.122301
[00:27:43] Bootstrap tree #506, logLikelihood: -74908.902152
[00:27:45] Bootstrap tree #507, logLikelihood: -74257.079885
[00:27:47] Bootstrap tree #508, logLikelihood: -75205.934144
[00:27:50] Bootstrap tree #509, logLikelihood: -74450.375165
[00:27:53] Bootstrap tree #510, logLikelihood: -74113.509516
[00:27:56] Bootstrap tree #511, logLikelihood: -74656.557635
[00:27:59] Bootstrap tree #512, logLikelihood: -75400.158038
[00:28:02] Bootstrap tree #513, logLikelihood: -74414.885770
[00:28:05] Bootstrap tree #514, logLikelihood: -74571.756270
[00:28:08] Bootstrap tree #515, logLikelihood: -75685.290426
[00:28:12] Bootstrap tree #516, logLikelihood: -72894.216181
[00:28:15] Bootstrap tree #517, logLikelihood: -74819.831866
[00:28:16] Bootstrap tree #518, logLikelihood: -73857.759806
[00:28:18] Bootstrap tree #519, logLikelihood: -74590.355297
[00:28:21] Bootstrap tree #520, logLikelihood: -75066.105553
[00:28:24] Bootstrap tree #521, logLikelihood: -75095.402944
[00:28:27] Bootstrap tree #522, logLikelihood: -75058.886221
[00:28:30] Bootstrap tree #523, logLikelihood: -75636.820733
[00:28:32] Bootstrap tree #524, logLikelihood: -74244.343885
[00:28:35] Bootstrap tree #525, logLikelihood: -74976.876727
[00:28:39] Bootstrap tree #526, logLikelihood: -74667.159451
[00:28:42] Bootstrap tree #527, logLikelihood: -74256.235649
[00:28:45] Bootstrap tree #528, logLikelihood: -74892.955753
[00:28:45] Bootstrap tree #529, logLikelihood: -74130.151530
[00:28:48] Bootstrap tree #530, logLikelihood: -75055.159392
[00:28:51] Bootstrap tree #531, logLikelihood: -74794.941197
[00:28:55] Bootstrap tree #532, logLikelihood: -74964.275586
[00:28:58] Bootstrap tree #533, logLikelihood: -73958.639625
[00:29:01] Bootstrap tree #534, logLikelihood: -74848.606026
[00:29:05] Bootstrap tree #535, logLikelihood: -75116.086959
[00:29:08] Bootstrap tree #536, logLikelihood: -74101.128633
[00:29:12] Bootstrap tree #537, logLikelihood: -74969.999748
[00:29:15] Bootstrap tree #538, logLikelihood: -74242.359431
[00:29:15] Bootstrap tree #539, logLikelihood: -74443.084744
[00:29:18] Bootstrap tree #540, logLikelihood: -74842.795544
[00:29:22] Bootstrap tree #541, logLikelihood: -75255.025591
[00:29:25] Bootstrap tree #542, logLikelihood: -73268.210702
[00:29:28] Bootstrap tree #543, logLikelihood: -74780.621879
[00:29:31] Bootstrap tree #544, logLikelihood: -74956.176649
[00:29:34] Bootstrap tree #545, logLikelihood: -74916.737889
[00:29:37] Bootstrap tree #546, logLikelihood: -73924.792769
[00:29:40] Bootstrap tree #547, logLikelihood: -75393.023687
[00:29:43] Bootstrap tree #548, logLikelihood: -73997.070521
[00:29:44] Bootstrap tree #549, logLikelihood: -74792.488374
[00:29:49] Bootstrap tree #550, logLikelihood: -73846.214785
[00:29:53] Bootstrap tree #551, logLikelihood: -74390.074545
[00:29:56] Bootstrap tree #552, logLikelihood: -74619.906959
[00:29:59] Bootstrap tree #553, logLikelihood: -74715.591714
[00:30:02] Bootstrap tree #554, logLikelihood: -75132.154901
[00:30:05] Bootstrap tree #555, logLikelihood: -73654.055194
[00:30:09] Bootstrap tree #556, logLikelihood: -74402.458930
[00:30:12] Bootstrap tree #557, logLikelihood: -74655.629428
[00:30:15] Bootstrap tree #558, logLikelihood: -74738.924388
[00:30:16] Bootstrap tree #559, logLikelihood: -74663.801757
[00:30:20] Bootstrap tree #560, logLikelihood: -75254.029631
[00:30:24] Bootstrap tree #561, logLikelihood: -75046.515296
[00:30:28] Bootstrap tree #562, logLikelihood: -74743.343168
[00:30:31] Bootstrap tree #563, logLikelihood: -75310.332395
[00:30:35] Bootstrap tree #564, logLikelihood: -75083.128776
[00:30:38] Bootstrap tree #565, logLikelihood: -74730.156688
[00:30:41] Bootstrap tree #566, logLikelihood: -74934.002971
[00:30:43] Bootstrap tree #567, logLikelihood: -74186.898262
[00:30:47] Bootstrap tree #568, logLikelihood: -74502.980061
[00:30:50] Bootstrap tree #569, logLikelihood: -74851.604149
[00:30:53] Bootstrap tree #570, logLikelihood: -75235.529943
[00:30:56] Bootstrap tree #571, logLikelihood: -75127.968516
[00:30:59] Bootstrap tree #572, logLikelihood: -74184.919781
[00:30:58] Bootstrap tree #573, logLikelihood: -73976.772141
[00:31:02] Bootstrap tree #574, logLikelihood: -75020.970776
[00:31:06] Bootstrap tree #575, logLikelihood: -74792.105013
[00:31:09] Bootstrap tree #576, logLikelihood: -74901.132586
[00:31:13] Bootstrap tree #577, logLikelihood: -74449.628542
[00:31:17] Bootstrap tree #578, logLikelihood: -73765.184718
[00:31:21] Bootstrap tree #579, logLikelihood: -74224.611957
[00:31:24] Bootstrap tree #580, logLikelihood: -75224.601403
[00:31:28] Bootstrap tree #581, logLikelihood: -75242.271240
[00:31:28] Bootstrap tree #582, logLikelihood: -73577.451644
[00:31:32] Bootstrap tree #583, logLikelihood: -74595.004044
[00:31:36] Bootstrap tree #584, logLikelihood: -74779.477870
[00:31:39] Bootstrap tree #585, logLikelihood: -74302.530758
[00:31:42] Bootstrap tree #586, logLikelihood: -75176.357414
[00:31:46] Bootstrap tree #587, logLikelihood: -74818.058834
[00:31:49] Bootstrap tree #588, logLikelihood: -75015.359736
[00:31:52] Bootstrap tree #589, logLikelihood: -74416.420376
[00:31:55] Bootstrap tree #590, logLikelihood: -74205.167348
[00:31:59] Bootstrap tree #591, logLikelihood: -74615.080126
[00:32:00] Bootstrap tree #592, logLikelihood: -75007.669371
[00:32:03] Bootstrap tree #593, logLikelihood: -75209.528898
[00:32:06] Bootstrap tree #594, logLikelihood: -75172.433839
[00:32:10] Bootstrap tree #595, logLikelihood: -74699.188843
[00:32:13] Bootstrap tree #596, logLikelihood: -74081.107264
[00:32:17] Bootstrap tree #597, logLikelihood: -74230.116264
[00:32:19] Bootstrap tree #598, logLikelihood: -74193.777199
[00:32:23] Bootstrap tree #599, logLikelihood: -74092.466442
[00:32:26] Bootstrap tree #600, logLikelihood: -74727.098361
[00:32:29] Bootstrap tree #601, logLikelihood: -74154.739751
[00:32:32] Bootstrap tree #602, logLikelihood: -75256.552362
[00:32:35] Bootstrap tree #603, logLikelihood: -74785.076473
[00:32:37] Bootstrap tree #604, logLikelihood: -74787.066135
[00:32:40] Bootstrap tree #605, logLikelihood: -74405.085528
[00:32:43] Bootstrap tree #606, logLikelihood: -73966.160819
[00:32:43] Bootstrap tree #607, logLikelihood: -75225.143569
[00:32:46] Bootstrap tree #608, logLikelihood: -74269.660547
[00:32:48] Bootstrap tree #609, logLikelihood: -74614.030854
[00:32:51] Bootstrap tree #610, logLikelihood: -74888.347171
[00:32:54] Bootstrap tree #611, logLikelihood: -74752.758984
[00:32:57] Bootstrap tree #612, logLikelihood: -75700.114821
[00:32:59] Bootstrap tree #613, logLikelihood: -75336.456446
[00:33:02] Bootstrap tree #614, logLikelihood: -75457.206565
[00:33:05] Bootstrap tree #615, logLikelihood: -74292.262479
[00:33:09] Bootstrap tree #616, logLikelihood: -75461.061745
[00:33:12] Bootstrap tree #617, logLikelihood: -73916.372426
[00:33:12] Bootstrap tree #618, logLikelihood: -74359.975699
[00:33:15] Bootstrap tree #619, logLikelihood: -75093.391963
[00:33:17] Bootstrap tree #620, logLikelihood: -74337.186350
[00:33:20] Bootstrap tree #621, logLikelihood: -74337.099314
[00:33:24] Bootstrap tree #622, logLikelihood: -75338.241504
[00:33:27] Bootstrap tree #623, logLikelihood: -74994.199240
[00:33:30] Bootstrap tree #624, logLikelihood: -75281.732738
[00:33:32] Bootstrap tree #625, logLikelihood: -74533.896641
[00:33:35] Bootstrap tree #626, logLikelihood: -75666.014790
[00:33:39] Bootstrap tree #627, logLikelihood: -75619.363125
[00:33:41] Bootstrap tree #628, logLikelihood: -75753.890197
[00:33:42] Bootstrap tree #629, logLikelihood: -74790.882809
[00:33:45] Bootstrap tree #630, logLikelihood: -74978.054091
[00:33:48] Bootstrap tree #631, logLikelihood: -75978.839219
[00:33:51] Bootstrap tree #632, logLikelihood: -74872.764321
[00:33:54] Bootstrap tree #633, logLikelihood: -75400.043006
[00:33:57] Bootstrap tree #634, logLikelihood: -75129.396938
[00:34:00] Bootstrap tree #635, logLikelihood: -75444.509010
[00:34:03] Bootstrap tree #636, logLikelihood: -74665.644323
[00:34:06] Bootstrap tree #637, logLikelihood: -73997.129688
[00:34:09] Bootstrap tree #638, logLikelihood: -74587.393551
[00:34:12] Bootstrap tree #639, logLikelihood: -73749.669607
[00:34:12] Bootstrap tree #640, logLikelihood: -75170.187814
[00:34:15] Bootstrap tree #641, logLikelihood: -74688.642555
[00:34:18] Bootstrap tree #642, logLikelihood: -74402.769237
[00:34:21] Bootstrap tree #643, logLikelihood: -76108.739739
[00:34:24] Bootstrap tree #644, logLikelihood: -74598.066514
[00:34:27] Bootstrap tree #645, logLikelihood: -74556.097255
[00:34:30] Bootstrap tree #646, logLikelihood: -74264.769958
[00:34:32] Bootstrap tree #647, logLikelihood: -74741.983432
[00:34:35] Bootstrap tree #648, logLikelihood: -75392.198574
[00:34:38] Bootstrap tree #649, logLikelihood: -74204.302921
[00:34:40] Bootstrap tree #650, logLikelihood: -74909.837946
[00:34:41] Bootstrap tree #651, logLikelihood: -74458.187525
[00:34:44] Bootstrap tree #652, logLikelihood: -74198.414053
[00:34:47] Bootstrap tree #653, logLikelihood: -75147.898889
[00:34:51] Bootstrap tree #654, logLikelihood: -74973.314892
[00:34:53] Bootstrap tree #655, logLikelihood: -74584.203072
[00:34:56] Bootstrap tree #656, logLikelihood: -74979.183276
[00:34:59] Bootstrap tree #657, logLikelihood: -73557.884373
[00:35:03] Bootstrap tree #658, logLikelihood: -75425.048969
[00:35:07] Bootstrap tree #659, logLikelihood: -74680.140350
[00:35:10] Bootstrap tree #660, logLikelihood: -74365.865552
[00:35:11] Bootstrap tree #661, logLikelihood: -75028.295227
[00:35:14] Bootstrap tree #662, logLikelihood: -74407.162500
[00:35:18] Bootstrap tree #663, logLikelihood: -74854.403536
[00:35:21] Bootstrap tree #664, logLikelihood: -74582.251413
[00:35:25] Bootstrap tree #665, logLikelihood: -75585.885393
[00:35:28] Bootstrap tree #666, logLikelihood: -74447.530731
[00:35:31] Bootstrap tree #667, logLikelihood: -74221.111433
[00:35:34] Bootstrap tree #668, logLikelihood: -74165.986212
[00:35:37] Bootstrap tree #669, logLikelihood: -74576.371177
[00:35:40] Bootstrap tree #670, logLikelihood: -73902.061500
[00:35:40] Bootstrap tree #671, logLikelihood: -74397.829887
[00:35:43] Bootstrap tree #672, logLikelihood: -74449.556426
[00:35:46] Bootstrap tree #673, logLikelihood: -75490.031806
[00:35:49] Bootstrap tree #674, logLikelihood: -74319.820813
[00:35:52] Bootstrap tree #675, logLikelihood: -75311.946936
[00:35:55] Bootstrap tree #676, logLikelihood: -74976.928091
[00:35:58] Bootstrap tree #677, logLikelihood: -74464.982389
[00:36:02] Bootstrap tree #678, logLikelihood: -75025.198048
[00:36:05] Bootstrap tree #679, logLikelihood: -75268.437922
[00:36:08] Bootstrap tree #680, logLikelihood: -75617.828195
[00:36:10] Bootstrap tree #681, logLikelihood: -74908.302826
[00:36:10] Bootstrap tree #682, logLikelihood: -74660.923999
[00:36:13] Bootstrap tree #683, logLikelihood: -74302.032883
[00:36:17] Bootstrap tree #684, logLikelihood: -75654.444088
[00:36:19] Bootstrap tree #685, logLikelihood: -74124.081817
[00:36:22] Bootstrap tree #686, logLikelihood: -74180.737257
[00:36:25] Bootstrap tree #687, logLikelihood: -74798.338559
[00:36:28] Bootstrap tree #688, logLikelihood: -74886.879562
[00:36:31] Bootstrap tree #689, logLikelihood: -75830.763181
[00:36:34] Bootstrap tree #690, logLikelihood: -74766.343561
[00:36:37] Bootstrap tree #691, logLikelihood: -75119.348576
[00:36:40] Bootstrap tree #692, logLikelihood: -74631.995014
[00:36:40] Bootstrap tree #693, logLikelihood: -74814.216894
[00:36:43] Bootstrap tree #694, logLikelihood: -74151.786420
[00:36:46] Bootstrap tree #695, logLikelihood: -74861.597128
[00:36:49] Bootstrap tree #696, logLikelihood: -74719.581553
[00:36:52] Bootstrap tree #697, logLikelihood: -75192.641862
[00:36:56] Bootstrap tree #698, logLikelihood: -74598.609955
[00:36:59] Bootstrap tree #699, logLikelihood: -75209.778192
[00:37:01] Bootstrap tree #700, logLikelihood: -73797.427752
[00:37:04] Bootstrap tree #701, logLikelihood: -73358.910922
[00:37:07] Bootstrap tree #702, logLikelihood: -74249.954586
[00:37:11] Bootstrap tree #703, logLikelihood: -74761.278832
[00:37:11] Bootstrap tree #704, logLikelihood: -75356.585959
[00:37:14] Bootstrap tree #705, logLikelihood: -74281.182080
[00:37:17] Bootstrap tree #706, logLikelihood: -74896.364137
[00:37:19] Bootstrap tree #707, logLikelihood: -74086.779539
[00:37:23] Bootstrap tree #708, logLikelihood: -74512.402369
[00:37:26] Bootstrap tree #709, logLikelihood: -75205.332875
[00:37:28] Bootstrap tree #710, logLikelihood: -74839.887372
[00:37:32] Bootstrap tree #711, logLikelihood: -74704.391754
[00:37:35] Bootstrap tree #712, logLikelihood: -74705.241608
[00:37:38] Bootstrap tree #713, logLikelihood: -74985.885335
[00:37:40] Bootstrap tree #714, logLikelihood: -75145.486328
[00:37:41] Bootstrap tree #715, logLikelihood: -75065.307860
[00:37:44] Bootstrap tree #716, logLikelihood: -74236.692281
[00:37:47] Bootstrap tree #717, logLikelihood: -74473.842512
[00:37:50] Bootstrap tree #718, logLikelihood: -74849.113287
[00:37:53] Bootstrap tree #719, logLikelihood: -75220.329995
[00:37:56] Bootstrap tree #720, logLikelihood: -75097.535250
[00:37:59] Bootstrap tree #721, logLikelihood: -74555.791072
[00:38:03] Bootstrap tree #722, logLikelihood: -74847.651505
[00:38:06] Bootstrap tree #723, logLikelihood: -74619.454101
[00:38:09] Bootstrap tree #724, logLikelihood: -74777.284737
[00:38:09] Bootstrap tree #725, logLikelihood: -75193.068012
[00:38:12] Bootstrap tree #726, logLikelihood: -75399.537122
[00:38:16] Bootstrap tree #727, logLikelihood: -74210.543224
[00:38:20] Bootstrap tree #728, logLikelihood: -73952.468552
[00:38:23] Bootstrap tree #729, logLikelihood: -74068.317283
[00:38:27] Bootstrap tree #730, logLikelihood: -74859.647689
[00:38:30] Bootstrap tree #731, logLikelihood: -74601.983366
[00:38:33] Bootstrap tree #732, logLikelihood: -74634.784496
[00:38:37] Bootstrap tree #733, logLikelihood: -74501.138716
[00:38:41] Bootstrap tree #734, logLikelihood: -73790.374727
[00:38:44] Bootstrap tree #735, logLikelihood: -74864.504035
[00:38:47] Bootstrap tree #736, logLikelihood: -74377.381907
[00:38:50] Bootstrap tree #737, logLikelihood: -73568.411022
[00:38:54] Bootstrap tree #738, logLikelihood: -75216.593054
[00:38:53] Bootstrap tree #739, logLikelihood: -74261.445190
[00:38:56] Bootstrap tree #740, logLikelihood: -74437.914546
[00:38:59] Bootstrap tree #741, logLikelihood: -75314.620837
[00:39:02] Bootstrap tree #742, logLikelihood: -74753.136448
[00:39:06] Bootstrap tree #743, logLikelihood: -74024.358415
[00:39:09] Bootstrap tree #744, logLikelihood: -74391.736411
[00:39:12] Bootstrap tree #745, logLikelihood: -73602.635121
[00:39:16] Bootstrap tree #746, logLikelihood: -75049.674266
[00:39:20] Bootstrap tree #747, logLikelihood: -75624.022989
[00:39:22] Bootstrap tree #748, logLikelihood: -74620.124142
[00:39:26] Bootstrap tree #749, logLikelihood: -75754.355531
[00:39:29] Bootstrap tree #750, logLikelihood: -74315.261642
[00:39:33] Bootstrap tree #751, logLikelihood: -74033.665856
[00:39:36] Bootstrap tree #752, logLikelihood: -74613.388172
[00:39:39] Bootstrap tree #753, logLikelihood: -74224.896859
[00:39:42] Bootstrap tree #754, logLikelihood: -75054.137130
[00:39:47] Bootstrap tree #755, logLikelihood: -73691.483155
[00:39:51] Bootstrap tree #756, logLikelihood: -74569.818087
[00:39:55] Bootstrap tree #757, logLikelihood: -74563.769331
[00:39:59] Bootstrap tree #758, logLikelihood: -74340.587724
[00:40:03] Bootstrap tree #759, logLikelihood: -73830.476837
[00:40:06] Bootstrap tree #760, logLikelihood: -75664.812130
[00:40:10] Bootstrap tree #761, logLikelihood: -74307.618586
[00:40:13] Bootstrap tree #762, logLikelihood: -74323.166246
[00:40:16] Bootstrap tree #763, logLikelihood: -75226.925255
[00:40:19] Bootstrap tree #764, logLikelihood: -74088.941305
[00:40:23] Bootstrap tree #765, logLikelihood: -74421.157466
[00:40:26] Bootstrap tree #766, logLikelihood: -75244.587406
[00:40:24] Bootstrap tree #767, logLikelihood: -74683.524178
[00:40:27] Bootstrap tree #768, logLikelihood: -75581.752931
[00:40:31] Bootstrap tree #769, logLikelihood: -74813.046282
[00:40:35] Bootstrap tree #770, logLikelihood: -74033.352293
[00:40:38] Bootstrap tree #771, logLikelihood: -75372.850072
[00:40:42] Bootstrap tree #772, logLikelihood: -73999.317624
[00:40:45] Bootstrap tree #773, logLikelihood: -74934.939371
[00:40:48] Bootstrap tree #774, logLikelihood: -73929.004554
[00:40:52] Bootstrap tree #775, logLikelihood: -75042.542385
[00:40:55] Bootstrap tree #776, logLikelihood: -75538.264465
[00:40:56] Bootstrap tree #777, logLikelihood: -74861.300141
[00:41:00] Bootstrap tree #778, logLikelihood: -73758.938533
[00:41:04] Bootstrap tree #779, logLikelihood: -74687.659624
[00:41:08] Bootstrap tree #780, logLikelihood: -74055.004675
[00:41:11] Bootstrap tree #781, logLikelihood: -74509.526665
[00:41:14] Bootstrap tree #782, logLikelihood: -74407.135346
[00:41:17] Bootstrap tree #783, logLikelihood: -75408.267619
[00:41:20] Bootstrap tree #784, logLikelihood: -74397.872153
[00:41:23] Bootstrap tree #785, logLikelihood: -74081.910513
[00:41:26] Bootstrap tree #786, logLikelihood: -74581.255959
[00:41:27] Bootstrap tree #787, logLikelihood: -74430.000756
[00:41:30] Bootstrap tree #788, logLikelihood: -74694.413645
[00:41:33] Bootstrap tree #789, logLikelihood: -74818.260392
[00:41:37] Bootstrap tree #790, logLikelihood: -74587.927982
[00:41:40] Bootstrap tree #791, logLikelihood: -74841.628707
[00:41:43] Bootstrap tree #792, logLikelihood: -74902.816353
[00:41:47] Bootstrap tree #793, logLikelihood: -74210.456512
[00:41:51] Bootstrap tree #794, logLikelihood: -74933.147304
[00:41:54] Bootstrap tree #795, logLikelihood: -75438.388530
[00:41:54] Bootstrap tree #796, logLikelihood: -74381.430187
[00:41:57] Bootstrap tree #797, logLikelihood: -73303.965570
[00:42:01] Bootstrap tree #798, logLikelihood: -75414.794727
[00:42:05] Bootstrap tree #799, logLikelihood: -75407.504075
[00:42:08] Bootstrap tree #800, logLikelihood: -75382.744431
[00:42:12] Bootstrap tree #801, logLikelihood: -74336.009520
[00:42:16] Bootstrap tree #802, logLikelihood: -75558.070748
[00:42:19] Bootstrap tree #803, logLikelihood: -74553.757812
[00:42:22] Bootstrap tree #804, logLikelihood: -75247.404107
[00:42:24] Bootstrap tree #805, logLikelihood: -74497.270167
[00:42:27] Bootstrap tree #806, logLikelihood: -73708.144070
[00:42:30] Bootstrap tree #807, logLikelihood: -74097.178727
[00:42:34] Bootstrap tree #808, logLikelihood: -75172.675114
[00:42:37] Bootstrap tree #809, logLikelihood: -74419.745513
[00:42:41] Bootstrap tree #810, logLikelihood: -74002.489133
[00:42:44] Bootstrap tree #811, logLikelihood: -74639.173056
[00:42:47] Bootstrap tree #812, logLikelihood: -74769.523342
[00:42:50] Bootstrap tree #813, logLikelihood: -73968.793657
[00:42:53] Bootstrap tree #814, logLikelihood: -74566.804684
[00:42:54] Bootstrap tree #815, logLikelihood: -74542.943395
[00:42:57] Bootstrap tree #816, logLikelihood: -73834.606458
[00:43:00] Bootstrap tree #817, logLikelihood: -74527.418523
[00:43:03] Bootstrap tree #818, logLikelihood: -75264.298166
[00:43:07] Bootstrap tree #819, logLikelihood: -75024.133111
[00:43:10] Bootstrap tree #820, logLikelihood: -74176.870912
[00:43:13] Bootstrap tree #821, logLikelihood: -75219.406416
[00:43:16] Bootstrap tree #822, logLikelihood: -75585.473396
[00:43:19] Bootstrap tree #823, logLikelihood: -75409.223948
[00:43:23] Bootstrap tree #824, logLikelihood: -73421.925381
[00:43:23] Bootstrap tree #825, logLikelihood: -74772.071121
[00:43:26] Bootstrap tree #826, logLikelihood: -75843.417091
[00:43:30] Bootstrap tree #827, logLikelihood: -74526.955167
[00:43:33] Bootstrap tree #828, logLikelihood: -73794.193725
[00:43:36] Bootstrap tree #829, logLikelihood: -75097.465261
[00:43:40] Bootstrap tree #830, logLikelihood: -74330.157506
[00:43:43] Bootstrap tree #831, logLikelihood: -74249.363106
[00:43:45] Bootstrap tree #832, logLikelihood: -75496.039240
[00:43:48] Bootstrap tree #833, logLikelihood: -73504.218638
[00:43:52] Bootstrap tree #834, logLikelihood: -73962.196010
[00:43:53] Bootstrap tree #835, logLikelihood: -74717.882622
[00:43:57] Bootstrap tree #836, logLikelihood: -75161.344400
[00:43:59] Bootstrap tree #837, logLikelihood: -74186.431821
[00:44:03] Bootstrap tree #838, logLikelihood: -73835.848819
[00:44:06] Bootstrap tree #839, logLikelihood: -73850.999443
[00:44:10] Bootstrap tree #840, logLikelihood: -74565.006393
[00:44:13] Bootstrap tree #841, logLikelihood: -74498.552800
[00:44:17] Bootstrap tree #842, logLikelihood: -74491.365432
[00:44:19] Bootstrap tree #843, logLikelihood: -75072.958323
[00:44:22] Bootstrap tree #844, logLikelihood: -74931.816159
[00:44:23] Bootstrap tree #845, logLikelihood: -75305.009342
[00:44:27] Bootstrap tree #846, logLikelihood: -74796.033711
[00:44:31] Bootstrap tree #847, logLikelihood: -75335.343674
[00:44:34] Bootstrap tree #848, logLikelihood: -75464.768174
[00:44:38] Bootstrap tree #849, logLikelihood: -75426.960738
[00:44:41] Bootstrap tree #850, logLikelihood: -74507.942192
[00:44:46] Bootstrap tree #851, logLikelihood: -74476.645741
[00:44:49] Bootstrap tree #852, logLikelihood: -73999.686327
[00:44:54] Bootstrap tree #853, logLikelihood: -74590.533177
[00:44:54] Bootstrap tree #854, logLikelihood: -74442.423165
[00:44:58] Bootstrap tree #855, logLikelihood: -74953.951722
[00:45:01] Bootstrap tree #856, logLikelihood: -74585.761453
[00:45:05] Bootstrap tree #857, logLikelihood: -75108.280928
[00:45:09] Bootstrap tree #858, logLikelihood: -74294.168452
[00:45:14] Bootstrap tree #859, logLikelihood: -74695.458754
[00:45:18] Bootstrap tree #860, logLikelihood: -75408.850534
[00:45:22] Bootstrap tree #861, logLikelihood: -74270.775697
[00:45:23] Bootstrap tree #862, logLikelihood: -74712.333882
[00:45:27] Bootstrap tree #863, logLikelihood: -74194.626716
[00:45:31] Bootstrap tree #864, logLikelihood: -74444.892102
[00:45:36] Bootstrap tree #865, logLikelihood: -75058.325290
[00:45:39] Bootstrap tree #866, logLikelihood: -74985.112047
[00:45:42] Bootstrap tree #867, logLikelihood: -74506.665388
[00:45:45] Bootstrap tree #868, logLikelihood: -73327.343114
[00:45:49] Bootstrap tree #869, logLikelihood: -75148.446338
[00:45:52] Bootstrap tree #870, logLikelihood: -75445.890892
[00:45:53] Bootstrap tree #871, logLikelihood: -74915.394918
[00:45:56] Bootstrap tree #872, logLikelihood: -73621.805786
[00:45:59] Bootstrap tree #873, logLikelihood: -75388.915116
[00:46:03] Bootstrap tree #874, logLikelihood: -74486.648748
[00:46:06] Bootstrap tree #875, logLikelihood: -74759.033498
[00:46:09] Bootstrap tree #876, logLikelihood: -73970.352045
[00:46:12] Bootstrap tree #877, logLikelihood: -74772.364870
[00:46:15] Bootstrap tree #878, logLikelihood: -74656.821567
[00:46:17] Bootstrap tree #879, logLikelihood: -74565.072079
[00:46:21] Bootstrap tree #880, logLikelihood: -73431.855129
[00:46:22] Bootstrap tree #881, logLikelihood: -74779.998292
[00:46:26] Bootstrap tree #882, logLikelihood: -75106.202675
[00:46:29] Bootstrap tree #883, logLikelihood: -73948.774252
[00:46:33] Bootstrap tree #884, logLikelihood: -74067.235369
[00:46:36] Bootstrap tree #885, logLikelihood: -75001.790030
[00:46:39] Bootstrap tree #886, logLikelihood: -74013.548777
[00:46:43] Bootstrap tree #887, logLikelihood: -75261.902137
[00:46:46] Bootstrap tree #888, logLikelihood: -74438.634968
[00:46:50] Bootstrap tree #889, logLikelihood: -74770.097521
[00:46:51] Bootstrap tree #890, logLikelihood: -74428.510386
[00:46:55] Bootstrap tree #891, logLikelihood: -74838.445445
[00:46:59] Bootstrap tree #892, logLikelihood: -74914.630895
[00:47:03] Bootstrap tree #893, logLikelihood: -74437.235821
[00:47:07] Bootstrap tree #894, logLikelihood: -75085.721612
[00:47:11] Bootstrap tree #895, logLikelihood: -74617.739208
[00:47:15] Bootstrap tree #896, logLikelihood: -75212.025815
[00:47:19] Bootstrap tree #897, logLikelihood: -74381.010614
[00:47:20] Bootstrap tree #898, logLikelihood: -74116.078545
[00:47:25] Bootstrap tree #899, logLikelihood: -74041.383138
[00:47:28] Bootstrap tree #900, logLikelihood: -75117.140327
[00:47:32] Bootstrap tree #901, logLikelihood: -75253.784072
[00:47:36] Bootstrap tree #902, logLikelihood: -75419.533367
[00:47:40] Bootstrap tree #903, logLikelihood: -73832.183573
[00:47:44] Bootstrap tree #904, logLikelihood: -74282.382870
[00:47:47] Bootstrap tree #905, logLikelihood: -74477.421284
[00:47:51] Bootstrap tree #906, logLikelihood: -74405.046504
[00:47:52] Bootstrap tree #907, logLikelihood: -75477.903949
[00:47:55] Bootstrap tree #908, logLikelihood: -74365.630946
[00:47:59] Bootstrap tree #909, logLikelihood: -74576.218042
[00:48:04] Bootstrap tree #910, logLikelihood: -74547.734283
[00:48:07] Bootstrap tree #911, logLikelihood: -75319.366120
[00:48:11] Bootstrap tree #912, logLikelihood: -74177.695047
[00:48:15] Bootstrap tree #913, logLikelihood: -75127.827377
[00:48:18] Bootstrap tree #914, logLikelihood: -74492.608694
[00:48:21] Bootstrap tree #915, logLikelihood: -74648.956944
[00:48:22] Bootstrap tree #916, logLikelihood: -74574.761341
[00:48:25] Bootstrap tree #917, logLikelihood: -74826.532947
[00:48:28] Bootstrap tree #918, logLikelihood: -74656.578655
[00:48:32] Bootstrap tree #919, logLikelihood: -74912.073673
[00:48:35] Bootstrap tree #920, logLikelihood: -74303.571118
[00:48:38] Bootstrap tree #921, logLikelihood: -75464.823961
[00:48:42] Bootstrap tree #922, logLikelihood: -74470.064100
[00:48:46] Bootstrap tree #923, logLikelihood: -74330.999184
[00:48:50] Bootstrap tree #924, logLikelihood: -74806.650439
[00:48:52] Bootstrap tree #925, logLikelihood: -75268.082579
[00:48:55] Bootstrap tree #926, logLikelihood: -74160.536816
[00:48:58] Bootstrap tree #927, logLikelihood: -74652.778076
[00:49:01] Bootstrap tree #928, logLikelihood: -74035.548458
[00:49:04] Bootstrap tree #929, logLikelihood: -74320.056845
[00:49:08] Bootstrap tree #930, logLikelihood: -74198.074417
[00:49:11] Bootstrap tree #931, logLikelihood: -73305.139923
[00:49:15] Bootstrap tree #932, logLikelihood: -74270.974525
[00:49:18] Bootstrap tree #933, logLikelihood: -75132.381880
[00:49:22] Bootstrap tree #934, logLikelihood: -74073.320492
[00:49:26] Bootstrap tree #935, logLikelihood: -74201.619767
[00:49:30] Bootstrap tree #936, logLikelihood: -74449.288948
[00:49:33] Bootstrap tree #937, logLikelihood: -74409.430790
[00:49:34] Bootstrap tree #938, logLikelihood: -74345.796903
[00:49:37] Bootstrap tree #939, logLikelihood: -74456.742390
[00:49:40] Bootstrap tree #940, logLikelihood: -74139.202981
[00:49:44] Bootstrap tree #941, logLikelihood: -74950.476831
[00:49:47] Bootstrap tree #942, logLikelihood: -73989.361911
[00:49:51] Bootstrap tree #943, logLikelihood: -74488.615782
[00:49:54] Bootstrap tree #944, logLikelihood: -75059.298842
[00:49:57] Bootstrap tree #945, logLikelihood: -74507.323675
[00:50:01] Bootstrap tree #946, logLikelihood: -74297.303942
[00:50:04] Bootstrap tree #947, logLikelihood: -74188.838834
[00:50:08] Bootstrap tree #948, logLikelihood: -75305.218812
[00:50:12] Bootstrap tree #949, logLikelihood: -73957.670159
[00:50:17] Bootstrap tree #950, logLikelihood: -74493.361784
[00:50:17] Bootstrap tree #951, logLikelihood: -74687.984057
[00:50:21] Bootstrap tree #952, logLikelihood: -74976.972643
[00:50:24] Bootstrap tree #953, logLikelihood: -74957.568289
[00:50:28] Bootstrap tree #954, logLikelihood: -75080.645110
[00:50:31] Bootstrap tree #955, logLikelihood: -74189.436438
[00:50:34] Bootstrap tree #956, logLikelihood: -75562.478895
[00:50:37] Bootstrap tree #957, logLikelihood: -74711.880382
[00:50:41] Bootstrap tree #958, logLikelihood: -74621.467020
[00:50:44] Bootstrap tree #959, logLikelihood: -75235.802576
[00:50:48] Bootstrap tree #960, logLikelihood: -75060.352979
[00:50:48] Bootstrap tree #961, logLikelihood: -74186.384260
[00:50:51] Bootstrap tree #962, logLikelihood: -74306.887263
[00:50:55] Bootstrap tree #963, logLikelihood: -73836.334926
[00:50:59] Bootstrap tree #964, logLikelihood: -73963.358082
[00:51:02] Bootstrap tree #965, logLikelihood: -74814.254711
[00:51:06] Bootstrap tree #966, logLikelihood: -74666.500850
[00:51:10] Bootstrap tree #967, logLikelihood: -74291.469889
[00:51:14] Bootstrap tree #968, logLikelihood: -74615.386649
[00:51:18] Bootstrap tree #969, logLikelihood: -75067.203630
[00:51:19] Bootstrap tree #970, logLikelihood: -75150.130391
[00:51:22] Bootstrap tree #971, logLikelihood: -75361.412179
[00:51:25] Bootstrap tree #972, logLikelihood: -74332.457696
[00:51:29] Bootstrap tree #973, logLikelihood: -74492.582224
[00:51:32] Bootstrap tree #974, logLikelihood: -74828.980586
[00:51:37] Bootstrap tree #975, logLikelihood: -74591.782998
[00:51:40] Bootstrap tree #976, logLikelihood: -75351.277985
[00:51:43] Bootstrap tree #977, logLikelihood: -73789.598076
[00:51:46] Bootstrap tree #978, logLikelihood: -74353.844293
[00:51:50] Bootstrap tree #979, logLikelihood: -75380.521164
[00:51:53] Bootstrap tree #980, logLikelihood: -75096.694792
[00:51:56] Bootstrap tree #981, logLikelihood: -75339.307268
[00:51:59] Bootstrap tree #982, logLikelihood: -74663.629422
[00:52:01] Bootstrap tree #983, logLikelihood: -73837.684519
[00:52:04] Bootstrap tree #984, logLikelihood: -74690.166056
[00:52:07] Bootstrap tree #985, logLikelihood: -73895.575784
[00:52:11] Bootstrap tree #986, logLikelihood: -75669.821228
[00:52:14] Bootstrap tree #987, logLikelihood: -74382.738258
[00:52:17] Bootstrap tree #988, logLikelihood: -74104.919460
[00:52:21] Bootstrap tree #989, logLikelihood: -73837.471712
[00:52:24] Bootstrap tree #990, logLikelihood: -73770.266540
[00:52:27] Bootstrap tree #991, logLikelihood: -74539.473218
[00:52:30] Bootstrap tree #992, logLikelihood: -74923.572925
[00:52:31] Bootstrap tree #993, logLikelihood: -74115.724306
[00:52:34] Bootstrap tree #994, logLikelihood: -74162.458758
[00:52:38] Bootstrap tree #995, logLikelihood: -74711.979396
[00:52:42] Bootstrap tree #996, logLikelihood: -74175.670658
[00:52:45] Bootstrap tree #997, logLikelihood: -74634.418676
[00:52:48] Bootstrap tree #998, logLikelihood: -74779.054006
[00:52:51] Bootstrap tree #999, logLikelihood: -74300.761065
[00:52:55] Bootstrap tree #1000, logLikelihood: -74328.769148

Optimized model parameters:

   Partition 0: noname
   Rate heterogeneity: GAMMA (4 cats, mean),  alpha: 0.690958 (ML),  weights&rates: (0.250000,0.072258) (0.250000,0.359232) (0.250000,0.921471) (0.250000,2.647039) 
   Base frequencies (ML): 0.275295 0.245759 0.265849 0.213098 
   Substitution rates (ML): 2.151848 2.974731 1.163935 1.480493 4.023863 1.000000 


Final LogLikelihood: -74721.189418

AIC score: 149542.378837 / AICc score: 149543.409348 / BIC score: 149868.238496
Free parameters (model + branch lengths): 50

Best ML tree saved to: /mnt/c/Users/leona/OneDrive/Desktop/Bioinformatics/Midterm2/metazoa_raxml.raxml.bestTree
All ML trees saved to: /mnt/c/Users/leona/OneDrive/Desktop/Bioinformatics/Midterm2/metazoa_raxml.raxml.mlTrees
Best ML tree with Felsenstein bootstrap (FBP) support values saved to: /mnt/c/Users/leona/OneDrive/Desktop/Bioinformatics/Midterm2/metazoa_raxml.raxml.supportFBP
Best ML tree with Transfer bootstrap (TBE) support values saved to: /mnt/c/Users/leona/OneDrive/Desktop/Bioinformatics/Midterm2/metazoa_raxml.raxml.supportTBE
Optimized model saved to: /mnt/c/Users/leona/OneDrive/Desktop/Bioinformatics/Midterm2/metazoa_raxml.raxml.bestModel
Bootstrap trees saved to: /mnt/c/Users/leona/OneDrive/Desktop/Bioinformatics/Midterm2/metazoa_raxml.raxml.bootstraps

Execution log saved to: /mnt/c/Users/leona/OneDrive/Desktop/Bioinformatics/Midterm2/metazoa_raxml.raxml.log

Analysis started: 09-Apr-2026 09:24:37 / finished: 09-Apr-2026 10:17:33

Elapsed time: 3176.027 seconds

